===== 0. environment =====
Cloning into '/root/Fast-dLLM'...
Updating files:  99% (4251/4260)Updating files: 100% (4260/4260)Updating files: 100% (4260/4260), done.
Using CPython 3.11.10 interpreter at: /usr/bin/python3.11
Creating virtual environment at: /root/fdllm-venv
Activate with: source /root/fdllm-venv/bin/activate
Using Python 3.11.10 environment at: /root/fdllm-venv
Resolved 22 packages in 856ms
Downloading sympy (5.9MiB)
Downloading nvidia-cudnn-cu12 (634.0MiB)
Downloading nvidia-curand-cu12 (53.9MiB)
Downloading nvidia-cuda-nvrtc-cu12 (22.6MiB)
Downloading networkx (2.0MiB)
Downloading nvidia-cufft-cu12 (116.0MiB)
Downloading torch (744.3MiB)
Downloading triton (199.8MiB)
Downloading nvidia-nccl-cu12 (179.9MiB)
Downloading nvidia-cublas-cu12 (391.6MiB)
Downloading nvidia-cusparse-cu12 (186.9MiB)
Downloading nvidia-cusolver-cu12 (118.4MiB)
Downloading nvidia-cuda-cupti-cu12 (13.5MiB)
Downloading nvidia-nvjitlink-cu12 (37.9MiB)
 Downloaded nvidia-cuda-nvrtc-cu12
 Downloaded nvidia-cuda-cupti-cu12
 Downloaded nvidia-cufft-cu12
 Downloaded nvidia-nccl-cu12
 Downloaded triton
 Downloaded networkx
 Downloaded nvidia-nvjitlink-cu12
 Downloaded nvidia-curand-cu12
 Downloaded nvidia-cusparse-cu12
 Downloaded nvidia-cudnn-cu12
 Downloaded nvidia-cusolver-cu12
 Downloaded nvidia-cublas-cu12
 Downloaded sympy
 Downloaded torch
Prepared 22 packages in 27.79s
Installed 22 packages in 2.69s
 + filelock==3.32.3
 + fsspec==2026.7.0
 + jinja2==3.1.6
 + markupsafe==3.0.3
 + mpmath==1.3.0
 + networkx==3.6.1
 + nvidia-cublas-cu12==12.1.3.1
 + nvidia-cuda-cupti-cu12==12.1.105
 + nvidia-cuda-nvrtc-cu12==12.1.105
 + nvidia-cuda-runtime-cu12==12.1.105
 + nvidia-cudnn-cu12==9.1.0.70
 + nvidia-cufft-cu12==11.0.2.54
 + nvidia-curand-cu12==10.3.2.106
 + nvidia-cusolver-cu12==11.4.5.107
 + nvidia-cusparse-cu12==12.1.0.106
 + nvidia-nccl-cu12==2.21.5
 + nvidia-nvjitlink-cu12==12.9.86
 + nvidia-nvtx-cu12==12.1.105
 + sympy==1.13.1
 + torch==2.5.1+cu121
 + triton==3.1.0
 + typing-extensions==4.16.0
Using Python 3.11.10 environment at: /root/fdllm-venv
Resolved 124 packages in 1.51s
Downloading nltk (1.7MiB)
Downloading transformers (9.5MiB)
Downloading pydantic-core (1.9MiB)
Downloading pillow (6.6MiB)
Downloading lm-eval (3.7MiB)
Downloading brotli (1.4MiB)
Downloading scikit-learn (8.9MiB)
Downloading lxml (5.0MiB)
Downloading zstandard (5.3MiB)
Downloading tokenizers (3.0MiB)
Downloading gradio (30.8MiB)
Downloading scipy (33.7MiB)
   Building sqlitedict==2.1.0
   Building rouge-score==0.1.2
   Building word2number==1.1
      Built sqlitedict==2.1.0
 Downloaded brotli
      Built word2number==1.1
      Built rouge-score==0.1.2
 Downloaded pydantic-core
 Downloaded tokenizers
 Downloaded nltk
 Downloaded zstandard
 Downloaded lxml
 Downloaded pillow
 Downloaded scikit-learn
 Downloaded transformers
 Downloaded scipy
 Downloaded gradio
 Downloaded lm-eval
Prepared 74 packages in 3.37s
Uninstalled 1 package in 5ms
Installed 103 packages in 2.60s
 + absl-py==2.5.0
 + accelerate==0.34.2
 + aiohappyeyeballs==2.7.1
 + aiohttp==3.14.3
 + aiosignal==1.4.0
 + annotated-doc==0.0.5
 + annotated-types==0.8.0
 + antlr4-python3-runtime==4.11.0
 + anyio==4.14.2
 + attrs==26.1.0
 + brotli==1.2.0
 + certifi==2026.7.22
 + chardet==6.0.0.post1
 + charset-normalizer==3.5.1
 + click==8.4.2
 + colorama==0.4.6
 + dataproperty==1.1.1
 + datasets==5.0.1
 + defusedxml==0.7.1
 + dill==0.4.1
 + evaluate==0.4.6
 + fastapi==0.141.1
 + frozenlist==1.8.0
 - fsspec==2026.7.0
 + fsspec==2026.6.0
 + gradio==6.17.3
 + gradio-client==2.5.0
 + groovy==0.1.2
 + h11==0.16.0
 + hf-gradio==0.4.1
 + hf-xet==1.6.0
 + httpcore==1.0.9
 + httpx==0.28.1
 + huggingface-hub==0.36.2
 + idna==3.19
 + joblib==1.5.3
 + jsonlines==4.0.0
 + latex2sympy2-extended==1.11.0
 + lm-eval==0.4.8
 + lxml==6.1.2
 + markdown-it-py==4.2.0
 + math-verify==0.9.0
 + mbstrdecoder==1.1.5
 + mdurl==0.1.2
 + more-itertools==11.1.0
 + multidict==6.7.1
 + multiprocess==0.70.19
 + narwhals==2.25.0
 + nltk==3.10.3
 + numexpr==2.14.2
 + numpy==2.4.6
 + orjson==3.12.0
 + packaging==26.3
 + pandas==3.0.5
 + pathvalidate==3.3.1
 + peft==0.20.0
 + pillow==12.3.0
 + portalocker==4.2.0
 + propcache==0.5.2
 + psutil==7.2.2
 + pyarrow==25.0.1
 + pybind11==3.1.0
 + pydantic==2.10.6
 + pydantic-core==2.27.2
 + pydub==0.25.1
 + pygments==2.21.0
 + pytablewriter==1.2.1
 + python-dateutil==2.9.0.post0
 + python-multipart==0.0.32
 + pytz==2026.3.post1
 + pyyaml==6.0.3
 + regex==2026.7.19
 + requests==2.34.2
 + rich==15.0.0
 + rouge-score==0.1.2
 + sacrebleu==2.6.0
 + safehttpx==0.1.7
 + safetensors==0.8.0
 + scikit-learn==1.9.0
 + scipy==1.17.1
 + semantic-version==2.10.0
 + setuptools==84.0.0
 + shellingham==1.5.4
 + six==1.17.0
 + sqlitedict==2.1.0
 + starlette==1.6.0
 + tabledata==1.3.5
 + tabulate==0.10.0
 + tcolorpy==0.1.7
 + threadpoolctl==3.6.0
 + tokenizers==0.21.4
 + tomlkit==0.14.0
 + tqdm==4.70.0
 + tqdm-multiprocess==0.0.11
 + transformers==4.49.0
 + typepy==1.3.5
 + typer==0.27.1
 + typing-inspection==0.4.4
 + urllib3==2.7.0
 + uvicorn==0.52.4
 + word2number==1.1
 + xxhash==4.0.1
 + yarl==1.24.5
 + zstandard==0.25.0
torch 2.5.1+cu121 | transformers 4.49.0 | lm_eval 0.4.8
device: NVIDIA L40S

===== canvas L=512 =====
exit=0
Total number of tokens generated: 26594
Total time taken: 1051.7768297195435 seconds
Tokens per second: 25.28483009338379
Total NFE is 14942
|gsm8k|      3|flexible-extract|     8|exact_match|↑  | 0.73|±  |0.0446|
|     |       |strict-match    |     8|exact_match|↑  | 0.32|±  |0.0469|

===== canvas L=1024 =====
exit=0
Total number of tokens generated: 23018
Total time taken: 1712.0621378421783 seconds
Tokens per second: 13.444605827331543
Total NFE is 13934
|gsm8k|      3|flexible-extract|     8|exact_match|↑  | 0.80|±  |0.0402|
|     |       |strict-match    |     8|exact_match|↑  | 0.27|±  |0.0446|

===== canvas sweep complete =====
3.1M	/root/dllm-fertility/data/canvas_runs
